// Jest Snapshot v1, https://goo.gl/fbAQLP

exports[`Login snapshot renders correctly 1`] = `
<View
  style={
    Object {
      "flex": 1,
      "justifyContent": "center",
    }
  }
>
  <View
    style={
      Object {
        "alignItems": "center",
        "marginBottom": 20,
      }
    }
  >
    <Image
      source={1}
      style={
        Object {
          "height": 215,
          "marginBottom": 20,
          "width": 250,
        }
      }
    />
    <Text
      accessible={true}
      allowFontScaling={true}
      ellipsizeMode="tail"
      style={
        Object {
          "fontSize": 30,
          "fontWeight": "500",
        }
      }
    >
      Co-op
    </Text>
  </View>
  <View
    enabled={true}
    keyboardVerticalOffset={0}
    onLayout={[Function]}
    style={
      Array [
        Object {
          "padding": 20,
        },
        Object {
          "paddingBottom": 0,
        },
      ]
    }
  >
    <TextInput
      allowFontScaling={true}
      onChangeText={[Function]}
      placeholder="Email"
      style={
        Object {
          "backgroundColor": "rgba(255,255,255,0.7)",
          "borderRadius": 15,
          "height": 50,
          "marginBottom": 10,
          "paddingHorizontal": 20,
        }
      }
      underlineColorAndroid="transparent"
      value="amizo067@uottawa.ca"
    />
    <TextInput
      allowFontScaling={true}
      onChangeText={[Function]}
      placeholder="Password"
      secureTextEntry={true}
      style={
        Object {
          "backgroundColor": "rgba(255,255,255,0.7)",
          "borderRadius": 15,
          "height": 50,
          "marginBottom": 10,
          "paddingHorizontal": 20,
        }
      }
      underlineColorAndroid="transparent"
      value="lethalpassword"
    />
    <View
      style={
        Object {
          "alignItems": "center",
          "flexDirection": "row",
          "marginTop": "2%",
        }
      }
    >
      <RCTSwitch
        disabled={false}
        onChange={[Function]}
        onResponderTerminationRequest={[Function]}
        onStartShouldSetResponder={[Function]}
        onValueChange={[Function]}
        style={
          Array [
            Object {
              "height": 31,
              "width": 51,
            },
            Object {
              "marginRight": "3%",
            },
          ]
        }
        title="Remember Me"
        value={true}
      />
      <Text
        accessible={true}
        allowFontScaling={true}
        ellipsizeMode="tail"
        style={
          Object {
            "fontSize": 16,
          }
        }
      >
        Remember Me
      </Text>
    </View>
    <View
      accessible={true}
      isTVSelectable={true}
      onResponderGrant={[Function]}
      onResponderMove={[Function]}
      onResponderRelease={[Function]}
      onResponderTerminate={[Function]}
      onResponderTerminationRequest={[Function]}
      onStartShouldSetResponder={[Function]}
      style={
        Object {
          "alignItems": "center",
          "backgroundColor": "#a9343a",
          "borderRadius": 15,
          "flexDirection": "row",
          "justifyContent": "center",
          "marginTop": 20,
          "opacity": 1,
          "padding": 15,
        }
      }
    >
      <Text
        accessible={true}
        allowFontScaling={true}
        ellipsizeMode="tail"
        style={
          Object {
            "color": "white",
            "fontWeight": "600",
            "textAlign": "center",
          }
        }
      >
        LOGIN 
      </Text>
    </View>
    <Text
      accessible={true}
      allowFontScaling={true}
      ellipsizeMode="tail"
      style={
        Object {
          "color": "red",
          "textAlign": "center",
        }
      }
    >
       
    </Text>
  </View>
</View>
`;

exports[`Login snapshot renders correctly 2`] = `
<View
  style={
    Object {
      "flex": 1,
      "justifyContent": "center",
    }
  }
>
  <View
    style={
      Object {
        "alignItems": "center",
        "marginBottom": 20,
      }
    }
  >
    <Image
      source={1}
      style={
        Object {
          "height": 215,
          "marginBottom": 20,
          "width": 250,
        }
      }
    />
    <Text
      accessible={true}
      allowFontScaling={true}
      ellipsizeMode="tail"
      style={
        Object {
          "fontSize": 30,
          "fontWeight": "500",
        }
      }
    >
      Co-op
    </Text>
  </View>
  <View
    enabled={true}
    keyboardVerticalOffset={0}
    onLayout={[Function]}
    style={
      Array [
        Object {
          "padding": 20,
        },
        Object {
          "paddingBottom": 0,
        },
      ]
    }
  >
    <TextInput
      allowFontScaling={true}
      onChangeText={[Function]}
      placeholder="Email"
      style={
        Object {
          "backgroundColor": "rgba(255,255,255,0.7)",
          "borderRadius": 15,
          "height": 50,
          "marginBottom": 10,
          "paddingHorizontal": 20,
        }
      }
      underlineColorAndroid="transparent"
      value="amizo067@uottawa.ca"
    />
    <TextInput
      allowFontScaling={true}
      onChangeText={[Function]}
      placeholder="Password"
      secureTextEntry={true}
      style={
        Object {
          "backgroundColor": "rgba(255,255,255,0.7)",
          "borderRadius": 15,
          "height": 50,
          "marginBottom": 10,
          "paddingHorizontal": 20,
        }
      }
      underlineColorAndroid="transparent"
      value="lethalpassword"
    />
    <View
      style={
        Object {
          "alignItems": "center",
          "flexDirection": "row",
          "marginTop": "2%",
        }
      }
    >
      <RCTSwitch
        disabled={false}
        onChange={[Function]}
        onResponderTerminationRequest={[Function]}
        onStartShouldSetResponder={[Function]}
        onValueChange={[Function]}
        style={
          Array [
            Object {
              "height": 31,
              "width": 51,
            },
            Object {
              "marginRight": "3%",
            },
          ]
        }
        title="Remember Me"
        value={true}
      />
      <Text
        accessible={true}
        allowFontScaling={true}
        ellipsizeMode="tail"
        style={
          Object {
            "fontSize": 16,
          }
        }
      >
        Remember Me
      </Text>
    </View>
    <View
      accessible={true}
      isTVSelectable={true}
      onResponderGrant={[Function]}
      onResponderMove={[Function]}
      onResponderRelease={[Function]}
      onResponderTerminate={[Function]}
      onResponderTerminationRequest={[Function]}
      onStartShouldSetResponder={[Function]}
      style={
        Object {
          "alignItems": "center",
          "backgroundColor": "#a9343a",
          "borderRadius": 15,
          "flexDirection": "row",
          "justifyContent": "center",
          "marginTop": 20,
          "opacity": 1,
          "padding": 15,
        }
      }
    >
      <Text
        accessible={true}
        allowFontScaling={true}
        ellipsizeMode="tail"
        style={
          Object {
            "color": "white",
            "fontWeight": "600",
            "textAlign": "center",
          }
        }
      >
        LOGIN 
      </Text>
    </View>
    <Text
      accessible={true}
      allowFontScaling={true}
      ellipsizeMode="tail"
      style={
        Object {
          "color": "red",
          "textAlign": "center",
        }
      }
    >
       
    </Text>
  </View>
</View>
`;

exports[`Login snapshot renders correctly 3`] = `
<View
  style={
    Object {
      "flex": 1,
      "justifyContent": "center",
    }
  }
>
  <View
    style={
      Object {
        "alignItems": "center",
        "marginBottom": 20,
      }
    }
  >
    <Image
      source={1}
      style={
        Object {
          "height": 215,
          "marginBottom": 20,
          "width": 250,
        }
      }
    />
    <Text
      accessible={true}
      allowFontScaling={true}
      ellipsizeMode="tail"
      style={
        Object {
          "fontSize": 30,
          "fontWeight": "500",
        }
      }
    >
      Co-op
    </Text>
  </View>
  <View
    enabled={true}
    keyboardVerticalOffset={0}
    onLayout={[Function]}
    style={
      Array [
        Object {
          "padding": 20,
        },
        Object {
          "paddingBottom": 0,
        },
      ]
    }
  >
    <TextInput
      allowFontScaling={true}
      onChangeText={[Function]}
      placeholder="Email"
      style={
        Object {
          "backgroundColor": "rgba(255,255,255,0.7)",
          "borderRadius": 15,
          "height": 50,
          "marginBottom": 10,
          "paddingHorizontal": 20,
        }
      }
      underlineColorAndroid="transparent"
      value="amizo067@uottawa.ca"
    />
    <TextInput
      allowFontScaling={true}
      onChangeText={[Function]}
      placeholder="Password"
      secureTextEntry={true}
      style={
        Object {
          "backgroundColor": "rgba(255,255,255,0.7)",
          "borderRadius": 15,
          "height": 50,
          "marginBottom": 10,
          "paddingHorizontal": 20,
        }
      }
      underlineColorAndroid="transparent"
      value="lethalpassword"
    />
    <View
      style={
        Object {
          "alignItems": "center",
          "flexDirection": "row",
          "marginTop": "2%",
        }
      }
    >
      <RCTSwitch
        disabled={false}
        onChange={[Function]}
        onResponderTerminationRequest={[Function]}
        onStartShouldSetResponder={[Function]}
        onValueChange={[Function]}
        style={
          Array [
            Object {
              "height": 31,
              "width": 51,
            },
            Object {
              "marginRight": "3%",
            },
          ]
        }
        title="Remember Me"
        value={true}
      />
      <Text
        accessible={true}
        allowFontScaling={true}
        ellipsizeMode="tail"
        style={
          Object {
            "fontSize": 16,
          }
        }
      >
        Remember Me
      </Text>
    </View>
    <View
      accessible={true}
      isTVSelectable={true}
      onResponderGrant={[Function]}
      onResponderMove={[Function]}
      onResponderRelease={[Function]}
      onResponderTerminate={[Function]}
      onResponderTerminationRequest={[Function]}
      onStartShouldSetResponder={[Function]}
      style={
        Object {
          "alignItems": "center",
          "backgroundColor": "#a9343a",
          "borderRadius": 15,
          "flexDirection": "row",
          "justifyContent": "center",
          "marginTop": 20,
          "opacity": 1,
          "padding": 15,
        }
      }
    >
      <Text
        accessible={true}
        allowFontScaling={true}
        ellipsizeMode="tail"
        style={
          Object {
            "color": "white",
            "fontWeight": "600",
            "textAlign": "center",
          }
        }
      >
        LOGIN 
      </Text>
    </View>
    <Text
      accessible={true}
      allowFontScaling={true}
      ellipsizeMode="tail"
      style={
        Object {
          "color": "red",
          "textAlign": "center",
        }
      }
    >
       
    </Text>
  </View>
</View>
`;
